exports[`mount component 1`] = `
"<div>hello world</div>
<div><button> greet </button></div>"
`;
